
Maximum contacts found for 101100100110001 using Lingeling: 3
Lingeling time taken: 0.2453901767730713
Lingeling runs required: 4
Maximum contacts found for 101100100110001 using gurobi: 3
Gurobi time taken: 0.3822040557861328

Maximum contacts found for 101100100110001 using Lingeling: 3
Lingeling time taken: 0.17540454864501953
Lingeling runs required: 4
Maximum contacts found for 101100100110001 using gurobi: 3
Gurobi time taken: 0.39682888984680176